2026-05-02 17:46:25 - [✓ CONECTADO] Humby
2026-05-02 17:46:40 - [💬 GLOBAL] Humby: Hola
2026-05-02 17:46:45 - [✗ DESCONECTADO] Humby
2026-05-02 17:50:02 - [✓ CONECTADO] Juan
2026-05-02 17:50:10 - [💬 GLOBAL] Juan: Hola a todos!
2026-05-02 17:50:27 - [✓ CONECTADO] María
2026-05-02 17:53:04 - [✓ CONECTADO] Humby
2026-05-02 17:54:59 - [✓ CONECTADO] Carlo
2026-05-02 17:55:06 - [💬 GLOBAL] Carlo: Hola, este es mi primer mensaje
2026-05-02 17:55:53 - [💬 GLOBAL] Humby: como estas
2026-05-02 17:57:51 - [✓ CONECTADO] Prueba
2026-05-02 17:58:04 - [💬 GLOBAL] Prueba: Mensaje de prueba para eliminar
2026-05-02 17:58:11 - [💬 GLOBAL] ✂️ CHAT ELIMINADO
2026-05-02 18:00:13 - [✓ CONECTADO] Alex
2026-05-02 18:01:27 - [🔒 PRIVADO] ✂️ CHAT ELIMINADO
2026-05-02 18:02:46 - [✓ CONECTADO] Humby
2026-05-02 18:02:51 - [💬 GLOBAL] ✂️ CHAT ELIMINADO
2026-05-02 18:02:56 - [💬 GLOBAL] ✂️ CHAT ELIMINADO
2026-05-02 18:03:01 - [🔒 PRIVADO] ✂️ CHAT ELIMINADO
2026-05-02 18:03:06 - [💬 GLOBAL] ✂️ CHAT ELIMINADO
2026-05-02 18:03:12 - [🔒 PRIVADO] ✂️ CHAT ELIMINADO
2026-05-02 18:03:20 - [💬 GLOBAL] Humby: hola
2026-05-02 18:03:30 - [🔒 PRIVADO] ✂️ CHAT ELIMINADO
2026-05-02 18:05:00 - [✓ CONECTADO] Usuario Test
2026-05-02 18:05:09 - [✗ DESCONECTADO] Usuario Test
2026-05-02 18:05:45 - [✓ CONECTADO] Humby
2026-05-02 18:05:51 - [✗ DESCONECTADO] Humby
2026-05-02 18:06:03 - [✓ CONECTADO] Humby
2026-05-02 18:06:04 - [✗ DESCONECTADO] Humby
2026-05-05 00:50:50 - [✓ CONECTADO] Humby
2026-05-05 00:55:13 - [✓ CONECTADO] Cliente Demo
2026-05-05 00:55:19 - [💬 GLOBAL] Cliente Demo: ¡Hola! Chat en modal flotante
2026-05-05 00:56:07 - [✓ CONECTADO] Humby
2026-05-05 01:03:00 - [✓ CONECTADO] Humby
2026-05-05 01:03:19 - [✓ CONECTADO] Humby
2026-05-05 01:05:12 - [✓ CONECTADO] humby
2026-05-05 01:05:18 - [💬 GLOBAL] ✂️ CHAT ELIMINADO
2026-05-05 01:05:22 - [💬 GLOBAL] ✂️ CHAT ELIMINADO
2026-05-05 01:07:27 - [✓ CONECTADO] Humby
2026-05-05 01:07:35 - [💬 GLOBAL] Humby: Hola
2026-05-05 01:07:40 - [🔒 PRIVADO] ✂️ CHAT ELIMINADO
2026-05-05 01:10:11 - [✓ CONECTADO] ¿d
2026-05-05 01:10:27 - [🔒 PRIVADO] ✂️ CHAT ELIMINADO
2026-05-05 01:10:41 - [✓ CONECTADO] we
2026-05-05 01:10:53 - [✓ CONECTADO] leo
2026-05-05 01:14:05 - [✓ CONECTADO] we
2026-05-05 01:14:17 - [💬 GLOBAL] we: we
2026-05-06 00:47:01 - [✓ CONECTADO] Humby
